---
source: src/snapshot_tests.rs
expression: error
---
typst-as-lib compilation failed: Typst source error: [SourceDiagnostic { severity: Error, span: DiagSpan { span: Span(293690021313933), extra: 0 }, message: "unknown variable: aligned", trace: [], hints: ["if you meant to display multiple letters as is, try adding spaces between each letter: `a l i g n e d`", "or if you meant to display this as text, try placing it in quotes: `\"aligned\"`"] }]; warnings=[]
